// Jest Snapshot v1, https://goo.gl/fbAQLP

exports[`ðŸ”¬ Bulma - Box Block ðŸ”Ž Block should be available. 1`] = `
"<!-- wp:bulma-blocks/box -->
<div class=\\"box\\"></div>
<!-- /wp:bulma-blocks/box -->"
`;
